[INFO] Scanning for projects...
[INFO] 
[INFO] ---------------------< com.ecommerce:user-service >---------------------
[INFO] Building user-service 0.0.1-SNAPSHOT
[INFO]   from pom.xml
[INFO] --------------------------------[ jar ]---------------------------------
[INFO] 
[INFO] --- resources:3.3.1:resources (default-resources) @ user-service ---
[INFO] Copying 1 resource from src\main\resources to target\classes
[INFO] Copying 0 resource from src\main\resources to target\classes
[INFO] 
[INFO] --- compiler:3.13.0:compile (default-compile) @ user-service ---
[INFO] Nothing to compile - all classes are up to date.
[INFO] 
[INFO] --- resources:3.3.1:testResources (default-testResources) @ user-service ---
[INFO] skip non existing resourceDirectory D:\E-commerce\Stealz-User\src\test\resources
[INFO] 
[INFO] --- compiler:3.13.0:testCompile (default-testCompile) @ user-service ---
[INFO] Nothing to compile - all classes are up to date.
[INFO] 
[INFO] --- surefire:3.2.5:test (default-test) @ user-service ---
[INFO] Using auto detected provider org.apache.maven.surefire.junitplatform.JUnitPlatformProvider
[INFO] 
[INFO] -------------------------------------------------------
[INFO]  T E S T S
[INFO] -------------------------------------------------------
mvn : Jan 27, 2026 12:45:25 PM org.junit
.platform.launcher.core.LauncherConfigur
ationParameters loadClasspathResource
At line:1 char:1
+ mvn test -Dtest=UserControllerTest > 
test_output.txt 2>&1
+ ~~~~~~~~~~~~~~~~~~~~~~~~~~~~~~~~~~~~~~
~~~~~~~~~~~~~~~~~~~
    + CategoryInfo          : NotSpecif 
   ied: (Jan 27, 2026 12...asspathReso  
  urce:String) [], RemoteException
    + FullyQualifiedErrorId : NativeCom 
   mandError
 
WARNING: Discovered 2 
'junit-platform.properties' 
configuration files in the classpath; 
only the first will be used.
Jan 27, 2026 12:45:25 PM org.junit.platf
orm.launcher.core.LauncherConfigurationP
arameters loadClasspathResource
WARNING: Discovered 2 
'junit-platform.properties' 
configuration files in the classpath; 
only the first will be used.
Jan 27, 2026 12:45:26 PM org.junit.platf
orm.launcher.core.LauncherConfigurationP
arameters loadClasspathResource
WARNING: Discovered 2 
'junit-platform.properties' 
configuration files in the classpath; 
only the first will be used.
[INFO] Running com.ecommerce.user.controller.UserControllerTest
[ERROR] Tests run: 1, Failures: 0, Errors: 1, Skipped: 0, Time elapsed: 0.039 s <<< FAILURE! -- in com.ecommerce.user.controller.UserControllerTest
[ERROR] com.ecommerce.user.controller.UserControllerTest -- Time elapsed: 0.039 s <<< ERROR!
java.lang.NoClassDefFoundError: UserService
	at java.base/java.lang.Class.getDeclaredFields0(Native Method)
	at java.base/java.lang.Class.privateGetDeclaredFields(Class.java:3297)
	at java.base/java.lang.Class.getDeclaredFields(Class.java:2371)
	at java.base/java.util.ArrayList.forEach(ArrayList.java:1511)
Caused by: java.lang.ClassNotFoundException: UserService
	at java.base/jdk.internal.loader.BuiltinClassLoader.loadClass(BuiltinClassLoader.java:641)
	at java.base/jdk.internal.loader.ClassLoaders$AppClassLoader.loadClass(ClassLoaders.java:188)
	at java.base/java.lang.ClassLoader.loadClass(ClassLoader.java:525)
	... 4 more

[INFO] 
[INFO] Results:
[INFO] 
[ERROR] Errors: 
[ERROR]   UserControllerTest ╗ NoClassDefFound UserService
[INFO] 
[ERROR] Tests run: 1, Failures: 0, Errors: 1, Skipped: 0
[INFO] 
[INFO] ------------------------------------------------------------------------
[INFO] BUILD FAILURE
[INFO] ------------------------------------------------------------------------
[INFO] Total time:  12.107 s
[INFO] Finished at: 2026-01-27T12:45:27+05:30
[INFO] ------------------------------------------------------------------------
[ERROR] Failed to execute goal org.apache.maven.plugins:maven-surefire-plugin:3.2.5:test (default-test) on project user-service: 
[ERROR] 
[ERROR] Please refer to D:\E-commerce\Stealz-User\target\surefire-reports for the individual test results.
[ERROR] Please refer to dump files (if any exist) [date].dump, [date]-jvmRun[N].dump and [date].dumpstream.
[ERROR] -> [Help 1]
[ERROR] 
[ERROR] To see the full stack trace of the errors, re-run Maven with the -e switch.
[ERROR] Re-run Maven using the -X switch to enable full debug logging.
[ERROR] 
[ERROR] For more information about the errors and possible solutions, please read the following articles:
[ERROR] [Help 1] http://cwiki.apache.org/confluence/display/MAVEN/MojoFailureException
